Microchip MPLAB XC8 Compiler V2.05 ()

Linker command line:

-W-3 --edf=C:\Program Files (x86)\Microchip\xc8\v2.05\pic\dat\en_msgs.txt \
  -cs -h+dist/default/production\servo.X.production.sym \
  --cmf=dist/default/production\servo.X.production.cmf -z -Q18F4550 \
  -oC:\Users\WALMIC~1\AppData\Local\Temp\sbq0.2 --defsym=__MPLAB_BUILD=1 \
  -Mdist/default/production/servo.X.production.map -E1 -ver=XC8 \
  --acfsm=1493 -ASTACK=060h-07FFh -pstack=STACK -ACODE=00h-07FFFh \
  -ACONST=00h-07FFFh -ASMALLCONST=0800h-08FFhx120 \
  -AMEDIUMCONST=0800h-07FFFh -ACOMRAM=01h-05Fh -AABS1=00h-07FFh \
  -ABIGRAM=01h-07FFh -ARAM=060h-0FFh,0100h-01FFhx7 -ABANK0=060h-0FFh \
  -ABANK1=0100h-01FFh -ABANK2=0200h-02FFh -ABANK3=0300h-03FFh \
  -ABANK4=0400h-04FFh -ABANK5=0500h-05FFh -ABANK6=0600h-06FFh \
  -ABANK7=0700h-07FFh -ASFR=0F60h-0FFFh \
  -preset_vec=00h,intcode,intcodelo,powerup,init -pramtop=0800h \
  -psmallconst=SMALLCONST -pmediumconst=MEDIUMCONST -pconst=CONST \
  -AFARRAM=00h-00h -ACONFIG=0300000h-030000Dh -pconfig=CONFIG \
  -AIDLOC=0200000h-0200007h -pidloc=IDLOC -AEEDATA=0F00000h-0F000FFh \
  -peeprom_data=EEDATA \
  -prdata=COMRAM,nvrram=COMRAM,nvbit=COMRAM,rbss=COMRAM,rbit=COMRAM \
  -pfarbss=FARRAM,fardata=FARRAM,nvFARRAM=FARRAM \
  -pintsave_regs=BIGRAM,bigbss=BIGRAM,bigdata=BIGRAM -pbss=RAM \
  -pidata=CODE,irdata=CODE,ibigdata=CODE,ifardata=CODE -prparam=COMRAM \
  C:\Users\WALMIC~1\AppData\Local\Temp\sbq0.o \
  dist/default/production\servo.X.production.o 

Object code version is 3.11

Machine type is 18F4550

Call graph: (short form)




                Name                               Link     Load   Length Selector   Space Scale
C:\Users\WALMIC~1\AppData\Local\Temp\sbq0.o
                init                                  0        0        4        0       0
                idloc                            200000   200000        8   200000       0
                config                           300000   300000        E   300000       0
dist/default/production\servo.X.production.o
                text8                              79C2     79C2       20     3CE1       0
                text7                              79A4     79A4       1E     3CD2       0
                text6                              7988     7988       1C     3CC4       0
                text5                              7D64     7D64      29C     3EB2       0
                text4                              7A0C     7A0C       7C     3D06       0
                text3                              7A88     7A88       EC     3D44       0
                text2                              7C66     7C66       FE     3E33       0
                text1                              7B74     7B74       F2     3DBA       0
                text0                              79E2     79E2       2A     3CF1       0
                cstackCOMRAM                          1        1        8        1       1
                cinit                              7982     7982        6     3CC1       0

TOTAL           Name                               Link     Load   Length     Space
        CLASS   STACK          

        CLASS   CODE           
                init                                  0        0        4         0
                text8                              79C2     79C2       20         0
                text7                              79A4     79A4       1E         0
                text6                              7988     7988       1C         0
                text5                              7D64     7D64      29C         0
                text4                              7A0C     7A0C       7C         0
                text3                              7A88     7A88       EC         0
                text2                              7C66     7C66       FE         0
                text1                              7B74     7B74       F2         0
                text0                              79E2     79E2       2A         0
                cinit                              7982     7982        6         0

        CLASS   CONST          

        CLASS   SMALLCONST     

        CLASS   MEDIUMCONST    

        CLASS   COMRAM         
                cstackCOMRAM                          1        1        8         1

        CLASS   ABS1           

        CLASS   BIGRAM         

        CLASS   RAM            

        CLASS   BANK0          

        CLASS   BANK1          

        CLASS   BANK2          

        CLASS   BANK3          

        CLASS   BANK4          

        CLASS   BANK5          

        CLASS   BANK6          

        CLASS   BANK7          

        CLASS   SFR            

        CLASS   FARRAM         

        CLASS   CONFIG         
                config                           300000   300000        E         0

        CLASS   IDLOC          
                idloc                            200000   200000        8         0

        CLASS   EEDATA         



SEGMENTS        Name                           Load    Length   Top    Selector   Space  Class

                reset_vec                      000000  000004  000004         0       0  CODE    
                cstackCOMRAM                   000001  000008  000009         1       1  COMRAM  
                cinit                          007982  000006  007988      3CC1       0  CODE    
                text6                          007988  00001C  0079A4      3CC4       0  CODE    
                text7                          0079A4  00001E  0079C2      3CD2       0  CODE    
                text8                          0079C2  000020  0079E2      3CE1       0  CODE    
                text0                          0079E2  00002A  007A0C      3CF1       0  CODE    
                text4                          007A0C  00007C  007A88      3D06       0  CODE    
                text3                          007A88  0000EC  007B74      3D44       0  CODE    
                text1                          007B74  0000F2  007C66      3DBA       0  CODE    
                text2                          007C66  0000FE  007D64      3E33       0  CODE    
                text5                          007D64  00029C  008000      3EB2       0  CODE    
                idloc                          200000  000008  200008    200000       0  IDLOC   
                config                         300000  00000E  30000E    300000       0  CONFIG  


UNUSED ADDRESS RANGES

        Name                Unused          Largest block    Delta
        BANK0            000060-0000FF               A0
        BANK1            000100-0001FF              100
        BANK2            000200-0002FF              100
        BANK3            000300-0003FF              100
        BANK4            000400-0004FF              100
        BANK5            000500-0005FF              100
        BANK6            000600-0006FF              100
        BANK7            000700-0007FF              100
        BIGRAM           000009-0007FF              7F7
        CODE             000004-007981             797E
        COMRAM           000009-00005F               57
        CONST            000004-007981             797E
        EEDATA           F00000-F000FF              100
        MEDIUMCONST      000800-007981             7182
        RAM              000060-0007FF              100
        SFR              000F60-000FFF               A0
        SMALLCONST       000800-007981              100
        STACK            000060-0007FF              7A0

                                  Symbol Table

?_varredura_teclado           cstackCOMRAM 000001
_ADCON1                       (abs)        000FC1
_LATBbits                     (abs)        000F8A
_LATCbits                     (abs)        000F8B
_LATD                         (abs)        000F8C
_PORTBbits                    (abs)        000F81
_TRISBbits                    (abs)        000F93
_TRISCbits                    (abs)        000F94
_TRISD                        (abs)        000F95
__HRAM                        (abs)        000000
__Habs1                       abs1         000000
__Hbank0                      bank0        000000
__Hbank1                      bank1        000000
__Hbank2                      bank2        000000
__Hbank3                      bank3        000000
__Hbank4                      bank4        000000
__Hbank5                      bank5        000000
__Hbank6                      bank6        000000
__Hbank7                      bank7        000000
__Hbigbss                     bigbss       000000
__Hbigdata                    bigdata      000000
__Hbigram                     bigram       000000
__Hbss                        bss          000000
__Hcinit                      cinit        000000
__Hclrtext                    clrtext      000000
__Hcomram                     comram       000000
__Hconfig                     config       30000E
__Hconst                      const        000000
__HcstackCOMRAM               cstackCOMRAM 000000
__Hdata                       data         000000
__Heeprom_data                eeprom_data  000000
__Hfarbss                     farbss       000000
__Hfardata                    fardata      000000
__Hibigdata                   ibigdata     000000
__Hidata                      idata        000000
__Hidloc                      idloc        200008
__Hifardata                   ifardata     000000
__Hinit                       init         000004
__Hintcode                    intcode      000000
__Hintcode_body               intcode_body 000000
__Hintcodelo                  intcodelo    000000
__Hintentry                   intentry     000000
__Hintret                     intret       000000
__Hintsave_regs               intsave_regs 000000
__Hirdata                     irdata       000000
__Hmediumconst                mediumconst  000000
__HnvFARRAM                   nvFARRAM     000000
__Hnvbit                      nvbit        000000
__Hnvrram                     nvrram       000000
__Hparam                      rparam       000000
__Hpowerup                    powerup      000000
__Hram                        ram          000000
__Hramtop                     ramtop       000800
__Hrbit                       rbit         000000
__Hrbss                       rbss         000000
__Hrdata                      rdata        000000
__Hreset_vec                  reset_vec    000000
__Hrparam                     rparam       000000
__Hsfr                        sfr          000000
__Hsmallconst                 smallconst   000000
__Hspace_0                    (abs)        30000E
__Hspace_1                    (abs)        000009
__Hspace_2                    (abs)        000000
__Hstack                      stack        000000
__Hstruct                     struct       000000
__Htemp                       temp         000000
__Htext                       text         000000
__Htext0                      text0        000000
__Htext1                      text1        000000
__Htext2                      text2        000000
__Htext3                      text3        000000
__Htext4                      text4        000000
__Htext5                      text5        000000
__Htext6                      text6        000000
__Htext7                      text7        000000
__Htext8                      text8        000000
__LRAM                        (abs)        000001
__Labs1                       abs1         000000
__Lbank0                      bank0        000000
__Lbank1                      bank1        000000
__Lbank2                      bank2        000000
__Lbank3                      bank3        000000
__Lbank4                      bank4        000000
__Lbank5                      bank5        000000
__Lbank6                      bank6        000000
__Lbank7                      bank7        000000
__Lbigbss                     bigbss       000000
__Lbigdata                    bigdata      000000
__Lbigram                     bigram       000000
__Lbss                        bss          000000
__Lcinit                      cinit        000000
__Lclrtext                    clrtext      000000
__Lcomram                     comram       000000
__Lconfig                     config       300000
__Lconst                      const        000000
__LcstackCOMRAM               cstackCOMRAM 000000
__Ldata                       data         000000
__Leeprom_data                eeprom_data  000000
__Lfarbss                     farbss       000000
__Lfardata                    fardata      000000
__Libigdata                   ibigdata     000000
__Lidata                      idata        000000
__Lidloc                      idloc        200000
__Lifardata                   ifardata     000000
__Linit                       init         000000
__Lintcode                    intcode      000000
__Lintcode_body               intcode_body 000000
__Lintcodelo                  intcodelo    000000
__Lintentry                   intentry     000000
__Lintret                     intret       000000
__Lintsave_regs               intsave_regs 000000
__Lirdata                     irdata       000000
__Lmediumconst                mediumconst  000000
__LnvFARRAM                   nvFARRAM     000000
__Lnvbit                      nvbit        000000
__Lnvrram                     nvrram       000000
__Lparam                      rparam       000000
__Lpowerup                    powerup      000000
__Lram                        ram          000000
__Lramtop                     ramtop       000800
__Lrbit                       rbit         000000
__Lrbss                       rbss         000000
__Lrdata                      rdata        000000
__Lreset_vec                  reset_vec    000000
__Lrparam                     rparam       000000
__Lsfr                        sfr          000000
__Lsmallconst                 smallconst   000000
__Lspace_0                    (abs)        000000
__Lspace_1                    (abs)        000000
__Lspace_2                    (abs)        000000
__Lstack                      stack        000000
__Lstruct                     struct       000000
__Ltemp                       temp         000000
__Ltext                       text         000000
__Ltext0                      text0        000000
__Ltext1                      text1        000000
__Ltext2                      text2        000000
__Ltext3                      text3        000000
__Ltext4                      text4        000000
__Ltext5                      text5        000000
__Ltext6                      text6        000000
__Ltext7                      text7        000000
__Ltext8                      text8        000000
__S0                          (abs)        30000E
__S1                          (abs)        000009
__S2                          (abs)        000000
___inthi_sp                   stack        000000
___intlo_sp                   stack        000000
___param_bank                 (abs)        000000
___rparam_used                (abs)        000001
___sp                         stack        000000
__accesstop                   (abs)        000060
__activetblptr                (abs)        000000
__end_of__initialization      cinit        007982
__end_of_configura_portas     text8        0079E2
__end_of_controle_pan_tilt    text5        008000
__end_of_envia_char_display   text7        0079C2
__end_of_inicializar_display  text4        007A88
__end_of_local_display        text6        0079A4
__end_of_main                 text0        007A0C
__end_of_servo_pan_display    text3        007B74
__end_of_servo_tilt_display   text2        007D64
__end_of_varredura_teclado    text1        007C66
__initialization              cinit        007982
__mediumconst                 mediumconst  000000
__pcinit                      cinit        007982
__pcstackCOMRAM               cstackCOMRAM 000001
__ptext0                      text0        0079E2
__ptext1                      text1        007B74
__ptext2                      text2        007C66
__ptext3                      text3        007A88
__ptext4                      text4        007A0C
__ptext5                      text5        007D64
__ptext6                      text6        007988
__ptext7                      text7        0079A4
__ptext8                      text8        0079C2
__ramtop                      ramtop       000800
__size_of_configura_portas    (abs)        000000
__size_of_controle_pan_tilt   (abs)        000000
__size_of_envia_char_display  (abs)        000000
__size_of_inicializar_display (abs)        000000
__size_of_local_display       (abs)        000000
__size_of_main                (abs)        000000
__size_of_servo_pan_display   (abs)        000000
__size_of_servo_tilt_display  (abs)        000000
__size_of_varredura_teclado   (abs)        000000
__smallconst                  smallconst   000000
_configura_portas             text8        0079C2
_controle_pan_tilt            text5        007D64
_envia_char_display           text7        0079A4
_inicializar_display          text4        007A0C
_local_display                text6        007988
_main                         text0        0079E2
_servo_pan_display            text3        007A88
_servo_tilt_display           text2        007C66
_varredura_teclado            text1        007B74
controle_pan_tilt@caso        cstackCOMRAM 000004
end_of_initialization         cinit        007982
envia_char_display@dado       cstackCOMRAM 000002
intlevel0                     text         000000
intlevel1                     text         000000
intlevel2                     text         000000
intlevel3                     text         000000
local_display@local           cstackCOMRAM 000001
main@dado                     cstackCOMRAM 000007
stackhi                       (abs)        0007FF
stacklo                       (abs)        000060
start                         init         000000
start_initialization          cinit        007982


FUNCTION INFORMATION:

 *************** function _main *****************
 Defined at:
		line 23 in file "servo.c"
 Parameters:    Size  Location     Type
		None
 Auto vars:     Size  Location     Type
  dado            2    6[COMRAM] int 
 Return value:  Size  Location     Type
                  1    wreg      void 
 Registers used:
		wreg, status,2, status,0, cstack
 Tracked objects:
		On entry : 
		On exit  : 
		Unchanged: 
 Data sizes:     COMRAM   BANK0   BANK1   BANK2   BANK3   BANK4   BANK5   BANK6   BANK7
      Params:         0       0       0       0       0       0       0       0       0
      Locals:         2       0       0       0       0       0       0       0       0
      Temps:          0       0       0       0       0       0       0       0       0
      Totals:         2       0       0       0       0       0       0       0       0
Total ram usage:        2 bytes
 Hardware stack levels required when called:    2
 This function calls:
		_configura_portas
		_controle_pan_tilt
		_inicializar_display
		_servo_pan_display
		_servo_tilt_display
		_varredura_teclado
 This function is called by:
		Startup code after reset
 This function uses a non-reentrant model


 *************** function _varredura_teclado *****************
 Defined at:
		line 83 in file "servo.c"
 Parameters:    Size  Location     Type
		None
 Auto vars:     Size  Location     Type
		None
 Return value:  Size  Location     Type
                  2    0[COMRAM] int 
 Registers used:
		wreg, status,2
 Tracked objects:
		On entry : 
		On exit  : 
		Unchanged: 
 Data sizes:     COMRAM   BANK0   BANK1   BANK2   BANK3   BANK4   BANK5   BANK6   BANK7
      Params:         2       0       0       0       0       0       0       0       0
      Locals:         0       0       0       0       0       0       0       0       0
      Temps:          0       0       0       0       0       0       0       0       0
      Totals:         2       0       0       0       0       0       0       0       0
Total ram usage:        2 bytes
 Hardware stack levels used:    1
 This function calls:
		Nothing
 This function is called by:
		_main
 This function uses a non-reentrant model


 *************** function _servo_tilt_display *****************
 Defined at:
		line 324 in file "servo.c"
 Parameters:    Size  Location     Type
		None
 Auto vars:     Size  Location     Type
		None
 Return value:  Size  Location     Type
                  1    wreg      void 
 Registers used:
		wreg, status,2, cstack
 Tracked objects:
		On entry : 
		On exit  : 
		Unchanged: 
 Data sizes:     COMRAM   BANK0   BANK1   BANK2   BANK3   BANK4   BANK5   BANK6   BANK7
      Params:         0       0       0       0       0       0       0       0       0
      Locals:         0       0       0       0       0       0       0       0       0
      Temps:          0       0       0       0       0       0       0       0       0
      Totals:         0       0       0       0       0       0       0       0       0
Total ram usage:        0 bytes
 Hardware stack levels used:    1
 Hardware stack levels required when called:    1
 This function calls:
		_envia_char_display
		_local_display
 This function is called by:
		_main
 This function uses a non-reentrant model


 *************** function _servo_pan_display *****************
 Defined at:
		line 295 in file "servo.c"
 Parameters:    Size  Location     Type
		None
 Auto vars:     Size  Location     Type
		None
 Return value:  Size  Location     Type
                  1    wreg      void 
 Registers used:
		wreg, status,2, cstack
 Tracked objects:
		On entry : 
		On exit  : 
		Unchanged: 
 Data sizes:     COMRAM   BANK0   BANK1   BANK2   BANK3   BANK4   BANK5   BANK6   BANK7
      Params:         0       0       0       0       0       0       0       0       0
      Locals:         0       0       0       0       0       0       0       0       0
      Temps:          0       0       0       0       0       0       0       0       0
      Totals:         0       0       0       0       0       0       0       0       0
Total ram usage:        0 bytes
 Hardware stack levels used:    1
 Hardware stack levels required when called:    1
 This function calls:
		_envia_char_display
		_local_display
 This function is called by:
		_main
 This function uses a non-reentrant model


 *************** function _inicializar_display *****************
 Defined at:
		line 53 in file "servo.c"
 Parameters:    Size  Location     Type
		None
 Auto vars:     Size  Location     Type
		None
 Return value:  Size  Location     Type
                  1    wreg      void 
 Registers used:
		wreg, status,2
 Tracked objects:
		On entry : 
		On exit  : 
		Unchanged: 
 Data sizes:     COMRAM   BANK0   BANK1   BANK2   BANK3   BANK4   BANK5   BANK6   BANK7
      Params:         0       0       0       0       0       0       0       0       0
      Locals:         0       0       0       0       0       0       0       0       0
      Temps:          2       0       0       0       0       0       0       0       0
      Totals:         2       0       0       0       0       0       0       0       0
Total ram usage:        2 bytes
 Hardware stack levels used:    1
 This function calls:
		Nothing
 This function is called by:
		_main
 This function uses a non-reentrant model


 *************** function _controle_pan_tilt *****************
 Defined at:
		line 182 in file "servo.c"
 Parameters:    Size  Location     Type
  caso            2    3[COMRAM] int 
 Auto vars:     Size  Location     Type
		None
 Return value:  Size  Location     Type
                  1    wreg      void 
 Registers used:
		wreg, status,2, status,0, cstack
 Tracked objects:
		On entry : 
		On exit  : 
		Unchanged: 
 Data sizes:     COMRAM   BANK0   BANK1   BANK2   BANK3   BANK4   BANK5   BANK6   BANK7
      Params:         2       0       0       0       0       0       0       0       0
      Locals:         0       0       0       0       0       0       0       0       0
      Temps:          1       0       0       0       0       0       0       0       0
      Totals:         3       0       0       0       0       0       0       0       0
Total ram usage:        3 bytes
 Hardware stack levels used:    1
 Hardware stack levels required when called:    1
 This function calls:
		_envia_char_display
		_local_display
 This function is called by:
		_main
 This function uses a non-reentrant model


 *************** function _local_display *****************
 Defined at:
		line 363 in file "servo.c"
 Parameters:    Size  Location     Type
  local           2    0[COMRAM] int 
 Auto vars:     Size  Location     Type
		None
 Return value:  Size  Location     Type
                  1    wreg      void 
 Registers used:
		wreg
 Tracked objects:
		On entry : 
		On exit  : 
		Unchanged: 
 Data sizes:     COMRAM   BANK0   BANK1   BANK2   BANK3   BANK4   BANK5   BANK6   BANK7
      Params:         2       0       0       0       0       0       0       0       0
      Locals:         0       0       0       0       0       0       0       0       0
      Temps:          1       0       0       0       0       0       0       0       0
      Totals:         3       0       0       0       0       0       0       0       0
Total ram usage:        3 bytes
 Hardware stack levels used:    1
 This function calls:
		Nothing
 This function is called by:
		_controle_pan_tilt
		_servo_pan_display
		_servo_tilt_display
 This function uses a non-reentrant model


 *************** function _envia_char_display *****************
 Defined at:
		line 74 in file "servo.c"
 Parameters:    Size  Location     Type
  dado            1    wreg     unsigned char 
 Auto vars:     Size  Location     Type
  dado            1    1[COMRAM] unsigned char 
 Return value:  Size  Location     Type
                  1    wreg      void 
 Registers used:
		wreg, status,2, cstack
 Tracked objects:
		On entry : 
		On exit  : 
		Unchanged: 
 Data sizes:     COMRAM   BANK0   BANK1   BANK2   BANK3   BANK4   BANK5   BANK6   BANK7
      Params:         0       0       0       0       0       0       0       0       0
      Locals:         1       0       0       0       0       0       0       0       0
      Temps:          1       0       0       0       0       0       0       0       0
      Totals:         2       0       0       0       0       0       0       0       0
Total ram usage:        2 bytes
 Hardware stack levels used:    1
 This function calls:
		Nothing
 This function is called by:
		_controle_pan_tilt
		_servo_pan_display
		_servo_tilt_display
 This function uses a non-reentrant model


 *************** function _configura_portas *****************
 Defined at:
		line 37 in file "servo.c"
 Parameters:    Size  Location     Type
		None
 Auto vars:     Size  Location     Type
		None
 Return value:  Size  Location     Type
                  1    wreg      void 
 Registers used:
		wreg, status,2
 Tracked objects:
		On entry : 
		On exit  : 
		Unchanged: 
 Data sizes:     COMRAM   BANK0   BANK1   BANK2   BANK3   BANK4   BANK5   BANK6   BANK7
      Params:         0       0       0       0       0       0       0       0       0
      Locals:         0       0       0       0       0       0       0       0       0
      Temps:          0       0       0       0       0       0       0       0       0
      Totals:         0       0       0       0       0       0       0       0       0
Total ram usage:        0 bytes
 Hardware stack levels used:    1
 This function calls:
		Nothing
 This function is called by:
		_main
 This function uses a non-reentrant model



MODULE INFORMATION

Module		Function		Class		Link	Load	Size
servo.c
		_configura_portas		CODE           	79C2	0000	33
		_main          		CODE           	79E2	0000	43
		_local_display 		CODE           	7988	0000	29
		_varredura_teclado		CODE           	7B74	0000	243
		_controle_pan_tilt		CODE           	7D64	0000	669
		_servo_pan_display		CODE           	7A88	0000	237
		_envia_char_display		CODE           	79A4	0000	31
		_servo_tilt_display		CODE           	7C66	0000	255
		_inicializar_display		CODE           	7A0C	0000	125

servo.c estimated size: 1665

shared
		__initialization		CODE           	7982	0000	1

shared estimated size: 1

